<?xml version="1.0" encoding="utf-8"?><testsuites name="pytest tests"><testsuite name="pytest" errors="0" failures="0" skipped="0" tests="42" time="0.056" timestamp="2025-10-31T06:35:48.059029+00:00" hostname="runnervmwhb2z"><testcase classname="test_log_clusterer.TestTokenization" name="test_tokenize_basic" time="0.000" /><testcase classname="test_log_clusterer.TestTokenization" name="test_tokenize_with_bigrams" time="0.000" /><testcase classname="test_log_clusterer.TestTokenization" name="test_tokenize_empty" time="0.000" /><testcase classname="test_log_clusterer.TestTokenization" name="test_tokenize_special_chars" time="0.000" /><testcase classname="test_log_clusterer.TestSimHash" name="test_stable_hash64_consistency" time="0.000" /><testcase classname="test_log_clusterer.TestSimHash" name="test_stable_hash64_different_inputs" time="0.000" /><testcase classname="test_log_clusterer.TestSimHash" name="test_simhash_empty_string" time="0.000" /><testcase classname="test_log_clusterer.TestSimHash" name="test_simhash_consistency" time="0.000" /><testcase classname="test_log_clusterer.TestSimHash" name="test_simhash_similar_texts" time="0.000" /><testcase classname="test_log_clusterer.TestHammingDistance" name="test_hamming_identical" time="0.000" /><testcase classname="test_log_clusterer.TestHammingDistance" name="test_hamming_single_bit" time="0.000" /><testcase classname="test_log_clusterer.TestHammingDistance" name="test_hamming_all_different" time="0.000" /><testcase classname="test_log_clusterer.TestHammingDistance" name="test_hamming_large_numbers" time="0.000" /><testcase classname="test_log_clusterer.TestPIIDetection" name="test_detect_email" time="0.000" /><testcase classname="test_log_clusterer.TestPIIDetection" name="test_detect_ipv4" time="0.000" /><testcase classname="test_log_clusterer.TestPIIDetection" name="test_detect_uuid" time="0.000" /><testcase classname="test_log_clusterer.TestPIIDetection" name="test_detect_credit_card" time="0.000" /><testcase classname="test_log_clusterer.TestPIIDetection" name="test_detect_phone" time="0.000" /><testcase classname="test_log_clusterer.TestPIIDetection" name="test_detect_multiple_pii" time="0.000" /><testcase classname="test_log_clusterer.TestPIIDetection" name="test_sanitize_email" time="0.000" /><testcase classname="test_log_clusterer.TestPIIDetection" name="test_sanitize_ip" time="0.000" /><testcase classname="test_log_clusterer.TestPIIDetection" name="test_sanitize_multiple" time="0.000" /><testcase classname="test_log_clusterer.TestTimestampExtraction" name="test_extract_iso_timestamp" time="0.002" /><testcase classname="test_log_clusterer.TestTimestampExtraction" name="test_extract_slash_timestamp" time="0.001" /><testcase classname="test_log_clusterer.TestTimestampExtraction" name="test_extract_time_only" time="0.000" /><testcase classname="test_log_clusterer.TestTimestampExtraction" name="test_extract_unix_timestamp" time="0.000" /><testcase classname="test_log_clusterer.TestTimestampExtraction" name="test_extract_no_timestamp" time="0.000" /><testcase classname="test_log_clusterer.TestCluster" name="test_cluster_creation" time="0.000" /><testcase classname="test_log_clusterer.TestCluster" name="test_cluster_add_message" time="0.000" /><testcase classname="test_log_clusterer.TestCluster" name="test_cluster_max_messages" time="0.000" /><testcase classname="test_log_clusterer.TestCluster" name="test_cluster_representative" time="0.000" /><testcase classname="test_log_clusterer.TestLogClusterer" name="test_clusterer_creation" time="0.000" /><testcase classname="test_log_clusterer.TestLogClusterer" name="test_process_single_line" time="0.001" /><testcase classname="test_log_clusterer.TestLogClusterer" name="test_process_similar_lines" time="0.000" /><testcase classname="test_log_clusterer.TestLogClusterer" name="test_process_different_lines" time="0.000" /><testcase classname="test_log_clusterer.TestLogClusterer" name="test_process_file" time="0.001" /><testcase classname="test_log_clusterer.TestLogClusterer" name="test_write_report" time="0.001" /><testcase classname="test_log_clusterer.TestLogClusterer" name="test_write_report_with_sanitization" time="0.001" /><testcase classname="test_log_clusterer.TestLogClusterer" name="test_clusters_to_registry" time="0.001" /><testcase classname="test_log_clusterer.TestLogClusterer" name="test_clusters_to_registry_sanitized" time="0.001" /><testcase classname="test_log_clusterer.TestIntegration" name="test_demo_workflow" time="0.002" /><testcase classname="test_log_clusterer.TestIntegration" name="test_clustering_accuracy" time="0.001" /></testsuite></testsuites>